0.349893274823749 0.001
0.68904850394853094 0.005
0.13128048095 0.017
0.6984353041 0.51
